Warning: Building for device with codesigning disabled. You will have to manually codesign before deploying to device.
Building app.fyne.ios for device (ios)...
Running Xcode build...                                          
Xcode build done.                                           21,0s
✓ Built build/ios/iphoneos/Runner.app
